 windows32

 Timestamp is 6535e8fc (Sun Oct 22 22:31:08 2023)

 Preferred load address is 00400000

 Start         Length     Name                   Class
 0001:00000000 00010000H .textbss                DATA
 0002:00000000 00005d29H .text$mn                CODE
 0003:00000000 00000104H .CRT$XCA                DATA
 0003:00000104 00000104H .CRT$XCAA               DATA
 0003:00000208 00000104H .CRT$XCZ                DATA
 0003:0000030c 00000104H .CRT$XIA                DATA
 0003:00000410 00000104H .CRT$XIAA               DATA
 0003:00000514 00000104H .CRT$XIAC               DATA
 0003:00000618 00000104H .CRT$XIZ                DATA
 0003:0000071c 00000104H .CRT$XPA                DATA
 0003:00000820 00000104H .CRT$XPZ                DATA
 0003:00000924 00000104H .CRT$XTA                DATA
 0003:00000a28 00000108H .CRT$XTZ                DATA
 0003:00000b30 00000c50H .rdata                  DATA
 0003:00001780 00000180H .rdata$CastGuardVftablesA DATA
 0003:00001900 0000014cH .rdata$CastGuardVftablesC DATA
 0003:00001a4c 000001acH .rdata$zzzdbg           DATA
 0003:00001bf8 00000104H .rtc$IAA                DATA
 0003:00001cfc 00000104H .rtc$IMZ                DATA
 0003:00001e00 00000104H .rtc$IZZ                DATA
 0003:00001f04 00000104H .rtc$TAA                DATA
 0003:00002008 00000104H .rtc$TMZ                DATA
 0003:0000210c 00000104H .rtc$TZZ                DATA
 0003:00002210 00000169H .xdata$x                DATA
 0003:00002379 00000000H .edata                  DATA
 0004:00000000 000002b0H .data                   DATA
 0004:000002b0 000006ccH .bss                    DATA
 0005:00000000 00000200H .idata$5                DATA
 0005:00000200 00000050H .idata$2                DATA
 0005:00000250 00000014H .idata$3                DATA
 0005:00000264 00000200H .idata$4                DATA
 0005:00000464 00000753H .idata$6                DATA
 0006:00000000 0000010eH .00cfg                  DATA
 0007:00000000 000001c0H .rsrc$01                DATA
 0007:000001c0 00000396H .rsrc$02                DATA

  Address         Publics by Value              Rva+Base       Lib:Object

 0000:00000000       ___AbsoluteZero            00000000     <absolute>
 0000:00000000       ___arm64x_extra_rfe_table  00000000     <absolute>
 0000:00000000       ___arm64x_extra_rfe_table_size 00000000     <absolute>
 0000:00000000       ___arm64x_native_entrypoint 00000000     <absolute>
 0000:00000000       ___arm64x_redirection_metadata 00000000     <absolute>
 0000:00000000       ___arm64x_redirection_metadata_count 00000000     <absolute>
 0000:00000000       ___dynamic_value_reloc_table 00000000     <absolute>
 0000:00000000       ___enclave_config          00000000     <absolute>
 0000:00000000       ___guard_check_icall_a64n_fptr 00000000     <absolute>
 0000:00000000       ___guard_eh_cont_count     00000000     <absolute>
 0000:00000000       ___guard_eh_cont_table     00000000     <absolute>
 0000:00000000       ___guard_fids_count        00000000     <absolute>
 0000:00000000       ___guard_fids_table        00000000     <absolute>
 0000:00000000       ___guard_iat_count         00000000     <absolute>
 0000:00000000       ___guard_iat_table         00000000     <absolute>
 0000:00000000       ___guard_longjmp_count     00000000     <absolute>
 0000:00000000       ___guard_longjmp_table     00000000     <absolute>
 0000:00000000       ___hybrid_auxiliary_delayload_iat 00000000     <absolute>
 0000:00000000       ___hybrid_auxiliary_delayload_iat_copy 00000000     <absolute>
 0000:00000000       ___hybrid_auxiliary_iat    00000000     <absolute>
 0000:00000000       ___hybrid_auxiliary_iat_copy 00000000     <absolute>
 0000:00000000       ___hybrid_code_map         00000000     <absolute>
 0000:00000000       ___hybrid_code_map_count   00000000     <absolute>
 0000:00000000       ___hybrid_image_info_bitfield 00000000     <absolute>
 0000:00000000       ___safe_se_handler_count   00000000     <absolute>
 0000:00000000       ___safe_se_handler_table   00000000     <absolute>
 0000:00000000       ___volatile_metadata       00000000     <absolute>
 0000:00000000       ___x64_code_ranges_to_entry_points 00000000     <absolute>
 0000:00000000       ___x64_code_ranges_to_entry_points_count 00000000     <absolute>
 0000:00000100       ___guard_flags             00000100     <absolute>
 0000:00000000       ___ImageBase               00400000     <linker-defined>
 0001:00000000       __enc$textbss$begin        00401000     <linker-defined>
 0001:00010000       __enc$textbss$end          00411000     <linker-defined>
 0002:000007e0       _DlgProc@16                004117e0 f   framework.obj
 0002:000009b0       _WinMain@16                004119b0 f   framework.obj
 0002:00000a00       _getInput                  00411a00 f   framework.obj
 0002:00000ad0       _showOutput                00411ad0 f   framework.obj
 0002:00000b30       _MainProc                  00411b30 f   example.obj
 0002:00000da0       wtoaproc                   00411da0 f   io.obj
 0002:00000e0d       dtoaproc                   00411e0d f   io.obj
 0002:00000e88       atowproc                   00411e88 f   io.obj
 0002:00000ee4       atodproc                   00411ee4 f   io.obj
 0002:00000fa6       _DialogBoxParamA@20        00411fa6 f   user32:USER32.dll
 0002:00000fac       _EndDialog@8               00411fac f   user32:USER32.dll
 0002:00000fb2       _GetDlgItem@8              00411fb2 f   user32:USER32.dll
 0002:00000fb8       _SetDlgItemTextA@12        00411fb8 f   user32:USER32.dll
 0002:00000fbe       _GetDlgItemTextA@16        00411fbe f   user32:USER32.dll
 0002:00000fc4       _GetWindowTextLengthA@4    00411fc4 f   user32:USER32.dll
 0002:00000fca       _MessageBoxA@16            00411fca f   user32:USER32.dll
 0002:00000fd0       ___raise_securityfailure   00411fd0 f   MSVCRTD:gs_report.obj
 0002:00001010       ___report_gsfailure        00412010 f   MSVCRTD:gs_report.obj
 0002:00001160       ___report_rangecheckfailure 00412160 f   MSVCRTD:gs_report.obj
 0002:00001170       ___report_securityfailure  00412170 f   MSVCRTD:gs_report.obj
 0002:00001280       ___report_securityfailureEx 00412280 f   MSVCRTD:gs_report.obj
 0002:000013f0       @_RTC_AllocaHelper@12      004123f0 f   MSVCRTD:stack.obj
 0002:00001430       @_RTC_CheckStackVars2@12   00412430 f   MSVCRTD:stack.obj
 0002:00001540       @_RTC_CheckStackVars@8     00412540 f   MSVCRTD:stack.obj
 0002:000015b0       __RTC_CheckEsp             004125b0 f   MSVCRTD:stack.obj
 0002:000015e0       __CRT_RTC_INIT             004125e0 f   MSVCRTD:init.obj
 0002:000015f0       __CRT_RTC_INITW            004125f0 f   MSVCRTD:init.obj
 0002:00001600       __RTC_InitBase             00412600 f   MSVCRTD:init.obj
 0002:00001640       __RTC_Shutdown             00412640 f   MSVCRTD:init.obj
 0002:00001a30       ?configure_argv@__scrt_narrow_argv_policy@@SAHXZ 00412a30 f i MSVCRTD:exe_winmain.obj
 0002:00001a50       ?initialize_environment@__scrt_narrow_environment_policy@@SAHXZ 00412a50 f i MSVCRTD:exe_winmain.obj
 0002:00001aa0       ?set_app_type@__scrt_winmain_policy@@SAXXZ 00412aa0 f i MSVCRTD:exe_winmain.obj
 0002:00001ac0       ?set_commode@__scrt_file_policy@@SAXXZ 00412ac0 f i MSVCRTD:exe_winmain.obj
 0002:00001ae0       ?set_fmode@__scrt_file_policy@@SAXXZ 00412ae0 f i MSVCRTD:exe_winmain.obj
 0002:00001b00       _WinMainCRTStartup         00412b00 f   MSVCRTD:exe_winmain.obj
 0002:00001bc0       ?_RTC_AllocaFailure@@YAXPAXPAU_RTC_ALLOCA_NODE@@H@Z 00412bc0 f   MSVCRTD:error.obj
 0002:00001ce0       ?_RTC_Failure@@YAXPAXH@Z   00412ce0 f   MSVCRTD:error.obj
 0002:00001d50       ?_RTC_StackFailure@@YAXPAXPBD@Z 00412d50 f   MSVCRTD:error.obj
 0002:00002200       __RTC_UninitUse            00413200 f   MSVCRTD:error.obj
 0002:000022e0       ___local_stdio_printf_options 004132e0 f i MSVCRTD:error.obj
 0002:000022f0       __vsprintf_s_l             004132f0 f i MSVCRTD:error.obj
 0002:00002330       _sprintf_s                 00413330 f i MSVCRTD:error.obj
 0002:00002360       ?_RTC_GetErrorFunc@@YAP6AHHPBDH00ZZPBX@Z 00413360 f   MSVCRTD:userapi.obj
 0002:00002370       ?_RTC_GetErrorFuncW@@YAP6AHHPB_WH00ZZPBX@Z 00413370 f   MSVCRTD:userapi.obj
 0002:00002380       __RTC_GetErrDesc           00413380 f   MSVCRTD:userapi.obj
 0002:000023a0       __RTC_NumErrors            004133a0 f   MSVCRTD:userapi.obj
 0002:000023b0       __RTC_SetErrorFunc         004133b0 f   MSVCRTD:userapi.obj
 0002:000023e0       __RTC_SetErrorFuncW        004133e0 f   MSVCRTD:userapi.obj
 0002:00002410       __RTC_SetErrorType         00413410 f   MSVCRTD:userapi.obj
 0002:00002580       _NtCurrentTeb              00413580 f i MSVCRTD:utility.obj
 0002:00002590       ___scrt_acquire_startup_lock 00413590 f   MSVCRTD:utility.obj
 0002:000025f0       ___scrt_dllmain_after_initialize_c 004135f0 f   MSVCRTD:utility.obj
 0002:00002630       ___scrt_dllmain_before_initialize_c 00413630 f   MSVCRTD:utility.obj
 0002:00002660       ___scrt_dllmain_crt_thread_attach 00413660 f   MSVCRTD:utility.obj
 0002:000026a0       ___scrt_dllmain_crt_thread_detach 004136a0 f   MSVCRTD:utility.obj
 0002:000026c0       ___scrt_dllmain_exception_filter 004136c0 f   MSVCRTD:utility.obj
 0002:00002720       ___scrt_dllmain_uninitialize_c 00413720 f   MSVCRTD:utility.obj
 0002:00002760       ___scrt_dllmain_uninitialize_critical 00413760 f   MSVCRTD:utility.obj
 0002:00002780       ___scrt_initialize_crt     00413780 f   MSVCRTD:utility.obj
 0002:000027e0       ___scrt_initialize_onexit_tables 004137e0 f   MSVCRTD:utility.obj
 0002:000028f0       ___scrt_is_nonwritable_in_current_image 004138f0 f   MSVCRTD:utility.obj
 0002:00002a70       ___scrt_release_startup_lock 00413a70 f   MSVCRTD:utility.obj
 0002:00002aa0       ___scrt_uninitialize_crt   00413aa0 f   MSVCRTD:utility.obj
 0002:00002af0       __onexit                   00413af0 f   MSVCRTD:utility.obj
 0002:00002b70       _at_quick_exit             00413b70 f   MSVCRTD:utility.obj
 0002:00002bc0       _atexit                    00413bc0 f   MSVCRTD:utility.obj
 0002:00002c90       ___security_init_cookie    00413c90 f   MSVCRTD:gs_support.obj
 0002:00002d30       __matherr                  00413d30 f   MSVCRTD:matherr.obj
 0002:00002d40       __get_startup_argv_mode    00413d40 f   MSVCRTD:argv_mode.obj
 0002:00002d50       __get_startup_commit_mode  00413d50 f   MSVCRTD:commit_mode.obj
 0002:00002d60       __get_startup_file_mode    00413d60 f   MSVCRTD:file_mode.obj
 0002:00002d70       __get_startup_new_mode     00413d70 f   MSVCRTD:new_mode.obj
 0002:00002d80       __get_startup_thread_locale_mode 00413d80 f   MSVCRTD:thread_locale.obj
 0002:00002d90       ?__scrt_initialize_type_info@@YAXXZ 00413d90 f   MSVCRTD:tncleanup.obj
 0002:00002db0       ?__scrt_uninitialize_type_info@@YAXXZ 00413db0 f   MSVCRTD:tncleanup.obj
 0002:00002dd0       __should_initialize_environment 00413dd0 f   MSVCRTD:env_mode.obj
 0002:00002de0       __initialize_default_precision 00413de0 f   MSVCRTD:default_precision.obj
 0002:00002e10       __initialize_invalid_parameter_handler 00413e10 f   MSVCRTD:invalid_parameter_handler.obj
 0002:00002e20       __initialize_denormal_control 00413e20 f   MSVCRTD:denormal_control.obj
 0002:00002e30       ___local_stdio_scanf_options 00413e30 f i MSVCRTD:default_local_stdio_options.obj
 0002:00002e40       ___scrt_initialize_default_local_stdio_options 00413e40 f   MSVCRTD:default_local_stdio_options.obj
 0002:00002e90       ___scrt_is_user_matherr_present 00413e90 f   MSVCRTD:matherr_detection.obj
 0002:00002ec0       ___scrt_get_dyn_tls_init_callback 00413ec0 f   MSVCRTD:dyn_tls_init.obj
 0002:00002ed0       ___scrt_get_dyn_tls_dtor_callback 00413ed0 f   MSVCRTD:dyn_tls_dtor.obj
 0002:00002ee0       ___scrt_fastfail           00413ee0 f   MSVCRTD:utility_desktop.obj
 0002:00003070       ___scrt_get_show_window_mode 00414070 f   MSVCRTD:utility_desktop.obj
 0002:000030c0       ___scrt_initialize_mta     004140c0 f   MSVCRTD:utility_desktop.obj
 0002:000030d0       ___scrt_initialize_winrt   004140d0 f   MSVCRTD:utility_desktop.obj
 0002:000030e0       ___scrt_is_managed_app     004140e0 f   MSVCRTD:utility_desktop.obj
 0002:00003190       ___scrt_set_unhandled_exception_filter 00414190 f   MSVCRTD:utility_desktop.obj
 0002:000031b0       ___scrt_exe_initialize_mta 004141b0 f   MSVCRTD:utility_desktop.obj
 0002:000031b0       ___scrt_stub_for_initialize_mta 004141b0 f   MSVCRTD:utility_desktop.obj
 0002:000031c0       ___scrt_unhandled_exception_filter@4 004141c0 f   MSVCRTD:utility_desktop.obj
 0002:00003260       __crt_debugger_hook        00414260 f   MSVCRTD:utility_desktop.obj
 0002:00003280       __RTC_Initialize           00414280 f   MSVCRTD:initsect.obj
 0002:000032c0       __RTC_Terminate            004142c0 f   MSVCRTD:initsect.obj
 0002:00003300       __except_handler4          00414300 f   MSVCRTD:chandler4gs.obj
 0002:00003350       @_guard_check_icall_nop@4  00414350 f i MSVCRTD:guard_support.obj
 0002:00003360       _ReadNoFence               00414360 f i MSVCRTD:guard_support.obj
 0002:00003380       _ReadPointerNoFence        00414380 f i MSVCRTD:guard_support.obj
 0002:000033a0       __InlineInterlockedExchangePointer 004143a0 f i MSVCRTD:guard_support.obj
 0002:000033b0       ___castguard_check_failure_debugbreak 004143b0 f i MSVCRTD:guard_support.obj
 0002:000033d0       ___castguard_check_failure_fastfail 004143d0 f i MSVCRTD:guard_support.obj
 0002:00003400       ___castguard_check_failure_nop 00414400 f i MSVCRTD:guard_support.obj
 0002:00003410       ___castguard_check_failure_os_handled 00414410 f i MSVCRTD:guard_support.obj
 0002:00003470       ___castguard_check_failure_user_handled 00414470 f i MSVCRTD:guard_support.obj
 0002:00003530       ___castguard_set_user_handler 00414530 f i MSVCRTD:guard_support.obj
 0002:00003560       ___castguard_slow_path_check_debugbreak 00414560 f i MSVCRTD:guard_support.obj
 0002:000035a0       ___castguard_slow_path_check_fastfail 004145a0 f i MSVCRTD:guard_support.obj
 0002:000035f0       ___castguard_slow_path_check_nop 004145f0 f i MSVCRTD:guard_support.obj
 0002:00003600       ___castguard_slow_path_check_os_handled 00414600 f i MSVCRTD:guard_support.obj
 0002:00003650       ___castguard_slow_path_check_user_handled 00414650 f i MSVCRTD:guard_support.obj
 0002:000036f0       __guard_icall_checks_enforced 004146f0 f i MSVCRTD:guard_support.obj
 0002:00003cd0       ?_RTC_GetSrcLine@@YAHPAEPA_WKPAH1K@Z 00414cd0 f   MSVCRTD:pdblkup.obj
 0002:00004130       @__security_check_cookie@4 00415130 f   MSVCRTD:secchk.obj
 0002:00004150       __except_handler4_noexcept 00415150 f   MSVCRTD:chandler4_noexcept.obj
 0002:000041d0       ___isa_available_init      004151d0 f   MSVCRTD:cpu_disp.obj
 0002:000045d0       ___scrt_is_ucrt_dll_in_use 004155d0 f   MSVCRTD:ucrt_detection.obj
 0002:000045fd       ___std_type_info_destroy_list 004155fd f   vcruntimed:VCRUNTIME140D.dll
 0002:00004603       ___current_exception       00415603 f   vcruntimed:VCRUNTIME140D.dll
 0002:00004609       ___current_exception_context 00415609 f   vcruntimed:VCRUNTIME140D.dll
 0002:0000460f       _memset                    0041560f f   vcruntimed:VCRUNTIME140D.dll
 0002:00004615       __except_handler4_common   00415615 f   vcruntimed:VCRUNTIME140D.dll
 0002:0000461b       ___vcrt_GetModuleFileNameW 0041561b f   vcruntimed:VCRUNTIME140D.dll
 0002:00004621       ___vcrt_GetModuleHandleW   00415621 f   vcruntimed:VCRUNTIME140D.dll
 0002:00004627       ___vcrt_LoadLibraryExW     00415627 f   vcruntimed:VCRUNTIME140D.dll
 0002:0000462d       _strcpy                    0041562d f   ucrtd:ucrtbased.dll
 0002:00004633       __CrtDbgReport             00415633 f   ucrtd:ucrtbased.dll
 0002:00004639       __CrtDbgReportW            00415639 f   ucrtd:ucrtbased.dll
 0002:0000463f       __seh_filter_exe           0041563f f   ucrtd:ucrtbased.dll
 0002:00004645       __set_app_type             00415645 f   ucrtd:ucrtbased.dll
 0002:0000464b       ___setusermatherr          0041564b f   ucrtd:ucrtbased.dll
 0002:00004651       __configure_narrow_argv    00415651 f   ucrtd:ucrtbased.dll
 0002:00004657       __initialize_narrow_environment 00415657 f   ucrtd:ucrtbased.dll
 0002:0000465d       __get_narrow_winmain_command_line 0041565d f   ucrtd:ucrtbased.dll
 0002:00004663       __initterm                 00415663 f   ucrtd:ucrtbased.dll
 0002:00004669       __initterm_e               00415669 f   ucrtd:ucrtbased.dll
 0002:0000466f       _exit                      0041566f f   ucrtd:ucrtbased.dll
 0002:00004675       __exit                     00415675 f   ucrtd:ucrtbased.dll
 0002:0000467b       __set_fmode                0041567b f   ucrtd:ucrtbased.dll
 0002:00004681       __cexit                    00415681 f   ucrtd:ucrtbased.dll
 0002:00004687       __c_exit                   00415687 f   ucrtd:ucrtbased.dll
 0002:0000468d       __register_thread_local_exe_atexit_callback 0041568d f   ucrtd:ucrtbased.dll
 0002:00004693       __configthreadlocale       00415693 f   ucrtd:ucrtbased.dll
 0002:00004699       __set_new_mode             00415699 f   ucrtd:ucrtbased.dll
 0002:0000469f       ___p__commode              0041569f f   ucrtd:ucrtbased.dll
 0002:000046a5       _strcpy_s                  004156a5 f   ucrtd:ucrtbased.dll
 0002:000046ab       _strcat_s                  004156ab f   ucrtd:ucrtbased.dll
 0002:000046b1       ___stdio_common_vsprintf_s 004156b1 f   ucrtd:ucrtbased.dll
 0002:000046b7       __seh_filter_dll           004156b7 f   ucrtd:ucrtbased.dll
 0002:000046bd       __initialize_onexit_table  004156bd f   ucrtd:ucrtbased.dll
 0002:000046c3       __register_onexit_function 004156c3 f   ucrtd:ucrtbased.dll
 0002:000046c9       __execute_onexit_table     004156c9 f   ucrtd:ucrtbased.dll
 0002:000046cf       __crt_atexit               004156cf f   ucrtd:ucrtbased.dll
 0002:000046d5       __crt_at_quick_exit        004156d5 f   ucrtd:ucrtbased.dll
 0002:000046db       __controlfp_s              004156db f   ucrtd:ucrtbased.dll
 0002:000046e1       _terminate                 004156e1 f   ucrtd:ucrtbased.dll
 0002:000046e7       __wmakepath_s              004156e7 f   ucrtd:ucrtbased.dll
 0002:000046ed       __wsplitpath_s             004156ed f   ucrtd:ucrtbased.dll
 0002:000046f3       _wcscpy_s                  004156f3 f   ucrtd:ucrtbased.dll
 0002:000046f9       _UnhandledExceptionFilter@4 004156f9 f   kernel32:KERNEL32.dll
 0002:000046ff       _SetUnhandledExceptionFilter@4 004156ff f   kernel32:KERNEL32.dll
 0002:00004705       _GetCurrentProcess@0       00415705 f   kernel32:KERNEL32.dll
 0002:0000470b       _TerminateProcess@8        0041570b f   kernel32:KERNEL32.dll
 0002:00004711       _IsProcessorFeaturePresent@4 00415711 f   kernel32:KERNEL32.dll
 0002:00004717       _IsDebuggerPresent@0       00415717 f   kernel32:KERNEL32.dll
 0002:0000471d       _RaiseException@16         0041571d f   kernel32:KERNEL32.dll
 0002:00004723       _MultiByteToWideChar@24    00415723 f   kernel32:KERNEL32.dll
 0002:00004729       _WideCharToMultiByte@32    00415729 f   kernel32:KERNEL32.dll
 0002:0000472f       _QueryPerformanceCounter@4 0041572f f   kernel32:KERNEL32.dll
 0002:00004735       _GetCurrentProcessId@0     00415735 f   kernel32:KERNEL32.dll
 0002:0000473b       _GetCurrentThreadId@0      0041573b f   kernel32:KERNEL32.dll
 0002:00004741       _GetSystemTimeAsFileTime@4 00415741 f   kernel32:KERNEL32.dll
 0002:00004747       _InitializeSListHead@4     00415747 f   kernel32:KERNEL32.dll
 0002:0000474d       _GetStartupInfoW@4         0041574d f   kernel32:KERNEL32.dll
 0002:00004753       _GetModuleHandleW@4        00415753 f   kernel32:KERNEL32.dll
 0002:00004759       _GetLastError@0            00415759 f   kernel32:KERNEL32.dll
 0002:0000475f       _HeapAlloc@12              0041575f f   kernel32:KERNEL32.dll
 0002:00004765       _HeapFree@12               00415765 f   kernel32:KERNEL32.dll
 0002:0000476b       _GetProcessHeap@0          0041576b f   kernel32:KERNEL32.dll
 0002:00004771       _VirtualQuery@12           00415771 f   kernel32:KERNEL32.dll
 0002:00004777       _FreeLibrary@4             00415777 f   kernel32:KERNEL32.dll
 0002:0000477d       _GetProcAddress@8          0041577d f   kernel32:KERNEL32.dll
 0002:00004790       ___acrt_initialize         00415790 f   MSVCRTD:ucrt_stubs.obj
 0002:00004790       ___scrt_stub_for_acrt_initialize 00415790 f   MSVCRTD:ucrt_stubs.obj
 0002:00004790       ___vcrt_initialize         00415790 f   MSVCRTD:ucrt_stubs.obj
 0002:000047a0       ___acrt_thread_attach      004157a0 f   MSVCRTD:ucrt_stubs.obj
 0002:000047a0       ___scrt_stub_for_acrt_thread_attach 004157a0 f   MSVCRTD:ucrt_stubs.obj
 0002:000047a0       ___vcrt_thread_attach      004157a0 f   MSVCRTD:ucrt_stubs.obj
 0002:000047b0       ___acrt_thread_detach      004157b0 f   MSVCRTD:ucrt_stubs.obj
 0002:000047b0       ___scrt_stub_for_acrt_thread_detach 004157b0 f   MSVCRTD:ucrt_stubs.obj
 0002:000047b0       ___vcrt_thread_detach      004157b0 f   MSVCRTD:ucrt_stubs.obj
 0002:000047c0       ___acrt_uninitialize       004157c0 f   MSVCRTD:ucrt_stubs.obj
 0002:000047c0       ___scrt_stub_for_acrt_uninitialize 004157c0 f   MSVCRTD:ucrt_stubs.obj
 0002:000047c0       ___vcrt_uninitialize       004157c0 f   MSVCRTD:ucrt_stubs.obj
 0002:000047d0       ___acrt_uninitialize_critical 004157d0 f   MSVCRTD:ucrt_stubs.obj
 0002:000047d0       ___scrt_stub_for_acrt_uninitialize_critical 004157d0 f   MSVCRTD:ucrt_stubs.obj
 0002:000047d0       ___vcrt_uninitialize_critical 004157d0 f   MSVCRTD:ucrt_stubs.obj
 0002:000047e0       ___scrt_stub_for_is_c_termination_complete 004157e0 f   MSVCRTD:ucrt_stubs.obj
 0002:000047e0       __is_c_termination_complete 004157e0 f   MSVCRTD:ucrt_stubs.obj
 0002:000047f0       __filter_x86_sse2_floating_point_exception 004157f0 f   MSVCRTD:x86_exception_filter.obj
 0002:000047f0       __filter_x86_sse2_floating_point_exception_default 004157f0 f   MSVCRTD:x86_exception_filter.obj
 0003:00000000       ___xc_a                    00417000     MSVCRTD:initializers.obj
 0003:00000208       ___xc_z                    00417208     MSVCRTD:initializers.obj
 0003:0000030c       ___xi_a                    0041730c     MSVCRTD:initializers.obj
 0003:00000618       ___xi_z                    00417618     MSVCRTD:initializers.obj
 0003:0000071c       ___xp_a                    0041771c     MSVCRTD:initializers.obj
 0003:00000820       ___xp_z                    00417820     MSVCRTD:initializers.obj
 0003:00000924       ___xt_a                    00417924     MSVCRTD:initializers.obj
 0003:00000a28       ___xt_z                    00417a28     MSVCRTD:initializers.obj
 0003:00000b30       ??_C@_00CNPNBAHC@@         00417b30     framework.obj
 0003:00000b34       ??_C@_07KGMMFLDN@Warning@  00417b34     framework.obj
 0003:00000b40       ??_C@_0BA@KGPGJABH@Nothing?5entered@ 00417b40     framework.obj
 0003:00000c20       ??_C@_0NN@JMPELKLB@The?5value?5of?5ESP?5was?5not?5proper@ 00417c20     MSVCRTD:error.obj
 0003:00000d30       ??_C@_0BBN@ELNNILBE@A?5cast?5to?5a?5smaller?5data?5type?5h@ 00417d30     MSVCRTD:error.obj
 0003:00000e88       ??_C@_0BN@BPOGFMJL@Stack?5memory?5was?5corrupted?$AN?6@ 00417e88     MSVCRTD:error.obj
 0003:00000eac       ??_C@_0DG@DAJCDLPN@A?5local?5variable?5was?5used?5befor@ 00417eac     MSVCRTD:error.obj
 0003:00000eec       ??_C@_0CM@JMIDGKLA@Stack?5memory?5around?5_alloca?5was@ 00417eec     MSVCRTD:error.obj
 0003:00000f20       ??_C@_0BO@CHIONIOI@Unknown?5Runtime?5Check?5Error?$AN?6@ 00417f20     MSVCRTD:error.obj
 0003:00000f48       ??_C@_1GM@CNOOJIHC@?$AAR?$AAu?$AAn?$AAt?$AAi?$AAm?$AAe?$AA?5?$AAC?$AAh?$AAe?$AAc?$AAk?$AA?5?$AAE@ 00417f48     MSVCRTD:error.obj
 0003:00000fd0       ??_C@_1EA@NFKNIFJP@?$AAR?$AAu?$AAn?$AA?9?$AAT?$AAi?$AAm?$AAe?$AA?5?$AAC?$AAh?$AAe?$AAc?$AAk?$AA?5@ 00417fd0     MSVCRTD:error.obj
 0003:0000101c       ??_C@_0BB@PFFGGCJP@Unknown?5Filename@ 0041801c     MSVCRTD:error.obj
 0003:00001030       ??_C@_0BE@GNBOBNCK@Unknown?5Module?5Name@ 00418030     MSVCRTD:error.obj
 0003:00001048       ??_C@_0CA@IODNCDPG@Run?9Time?5Check?5Failure?5?$CD?$CFd?5?9?5?$CFs@ 00418048     MSVCRTD:error.obj
 0003:00001070       ??_C@_0CG@IAFNJNEE@Stack?5corrupted?5near?5unknown?5va@ 00418070     MSVCRTD:error.obj
 0003:000010a0       ??_C@_05MKKEDADM@?$CF?42X?5@ 004180a0     MSVCRTD:error.obj
 0003:000010a8       ??_C@_0EJ@LJKNEOLN@Stack?5area?5around?5_alloca?5memor@ 004180a8     MSVCRTD:error.obj
 0003:00001100       ??_C@_01EEMJAFIK@?6@       00418100     MSVCRTD:error.obj
 0003:00001104       ??_C@_02LLMPMKNF@?$DO?5@   00418104     MSVCRTD:error.obj
 0003:00001108       ??_C@_08OMAHNMHJ@?6Data?3?5?$DM@ 00418108     MSVCRTD:error.obj
 0003:00001114       ??_C@_0CK@DKGBICFE@?6Allocation?5number?5within?5this?5@ 00418114     MSVCRTD:error.obj
 0003:00001148       ??_C@_07DFDJCKFN@?6Size?3?5@ 00418148     MSVCRTD:error.obj
 0003:00001154       ??_C@_0N@MHFFIMFG@?6Address?3?50x@ 00418154     MSVCRTD:error.obj
 0003:00001168       ??_C@_0EI@CLEPFNGI@Stack?5area?5around?5_alloca?5memor@ 00418168     MSVCRTD:error.obj
 0003:000011c0       ??_C@_0BK@ODNDAGKB@?$CFs?$CFs?$CFp?$CFs?$CFzd?$CFs?$CFd?$CFs?$CFs?$CFs?$CFs?$CFs@ 004181c0     MSVCRTD:error.obj
 0003:000011e0       ??_C@_0DE@OHJBPMBP@A?5variable?5is?5being?5used?5withou@ 004181e0     MSVCRTD:error.obj
 0003:00001238       ??_C@_0BJ@HEGAHDFO@Stack?5pointer?5corruption@ 00418238     MSVCRTD:userapi.obj
 0003:00001258       ??_C@_0CK@FEGOIOPB@Cast?5to?5smaller?5type?5causing?5lo@ 00418258     MSVCRTD:userapi.obj
 0003:0000128c       ??_C@_0BI@CIGMDCBH@Stack?5memory?5corruption@ 0041828c     MSVCRTD:userapi.obj
 0003:000012a8       ??_C@_0CK@CNLNOEPB@Local?5variable?5used?5before?5init@ 004182a8     MSVCRTD:userapi.obj
 0003:000012dc       ??_C@_0BP@OGBCLIBO@Stack?5around?5_alloca?5corrupted@ 004182dc     MSVCRTD:userapi.obj
 0003:00001360       ??_C@_1EI@MLPKHBGE@?$AAa?$AAp?$AAi?$AA?9?$AAm?$AAs?$AA?9?$AAw?$AAi?$AAn?$AA?9?$AAc?$AAo?$AAr?$AAe@ 00418360     MSVCRTD:pdblkup.obj
 0003:000013b8       ??_C@_1BK@JHLNAEJL@?$AAa?$AAd?$AAv?$AAa?$AAp?$AAi?$AA3?$AA2?$AA?4?$AAd?$AAl?$AAl@ 004183b8     MSVCRTD:pdblkup.obj
 0003:000013d8       ??_C@_0O@COHOBMLB@RegOpenKeyExW@ 004183d8     MSVCRTD:pdblkup.obj
 0003:000013e8       ??_C@_0BB@GLNAEDBD@RegQueryValueExW@ 004183e8     MSVCRTD:pdblkup.obj
 0003:000013fc       ??_C@_0M@HLOHPNFA@RegCloseKey@ 004183fc     MSVCRTD:pdblkup.obj
 0003:00001410       ??_C@_1HE@EBEAGLFB@?$AAS?$AAO?$AAF?$AAT?$AAW?$AAA?$AAR?$AAE?$AA?2?$AAW?$AAo?$AAw?$AA6?$AA4?$AA3@ 00418410     MSVCRTD:pdblkup.obj
 0003:0000149c       ??_C@_1BG@EABPBLLF@?$AAP?$AAr?$AAo?$AAd?$AAu?$AAc?$AAt?$AAD?$AAi?$AAr@ 0041849c     MSVCRTD:pdblkup.obj
 0003:000014dc       ??_C@_1BC@JINFINNJ@?$AAM?$AAS?$AAP?$AAD?$AAB?$AA1?$AA4?$AA0@ 004184dc     MSVCRTD:pdblkup.obj
 0003:000014f4       ??_C@_0BB@KCIACLNC@PDBOpenValidate5@ 004184f4     MSVCRTD:pdblkup.obj
 0003:00001508       ??_C@_01KDCPPGHE@r@        00418508     MSVCRTD:pdblkup.obj
 0003:00001510       __load_config_used         00418510     MSVCRTD:loadcfg.obj
 0003:00001780       ___CastGuardVftablesStart  00418780     MSVCRTD:guard_support.obj
 0003:00001900       ___CastGuardVftablesEnd    00418900     MSVCRTD:guard_support.obj
 0003:00001bf8       ___rtc_iaa                 00418bf8     MSVCRTD:initsect.obj
 0003:00001e00       ___rtc_izz                 00418e00     MSVCRTD:initsect.obj
 0003:00001f04       ___rtc_taa                 00418f04     MSVCRTD:initsect.obj
 0003:0000210c       ___rtc_tzz                 0041910c     MSVCRTD:initsect.obj
 0004:00000170       ___security_cookie_complement 0041a170     MSVCRTD:gs_cookie.obj
 0004:00000174       ___security_cookie         0041a174     MSVCRTD:gs_cookie.obj
 0004:0000017c       ?_RTC_ErrorLevels@@3PAHA   0041a17c     MSVCRTD:error.obj
 0004:00000194       ___scrt_native_dllmain_reason 0041a194     MSVCRTD:utility.obj
 0004:00000198       ___scrt_default_matherr    0041a198     MSVCRTD:matherr.obj
 0004:0000019c       ___isa_enabled             0041a19c     MSVCRTD:cpu_disp.obj
 0004:000001a0       ___scrt_ucrt_dll_is_in_use 0041a1a0     MSVCRTD:ucrt_stubs.obj
 0004:000008d8       ?_OptionsStorage@?1??__local_stdio_printf_options@@9@4_KA 0041a8d8     MSVCRTD:error.obj
 0004:000008f0       ___scrt_current_native_startup_state 0041a8f0     MSVCRTD:utility.obj
 0004:000008f4       ___scrt_native_startup_lock 0041a8f4     MSVCRTD:utility.obj
 0004:00000920       ?__type_info_root_node@@3U__type_info_node@@A 0041a920     MSVCRTD:tncleanup.obj
 0004:00000930       ?_OptionsStorage@?1??__local_stdio_scanf_options@@9@4_KA 0041a930     MSVCRTD:default_local_stdio_options.obj
 0004:0000093c       ___scrt_debugger_hook_flag 0041a93c     MSVCRTD:utility_desktop.obj
 0004:00000940       ___castguard_check_failure_user_handled_fptr 0041a940     MSVCRTD:guard_support.obj
 0004:0000094c       ___isa_available           0041a94c     MSVCRTD:cpu_disp.obj
 0004:00000950       ___favor                   0041a950     MSVCRTD:cpu_disp.obj
 0004:00000958       __hInstance                0041a958     <common>
 0004:00000964       ___dyn_tls_dtor_callback   0041a964     <common>
 0004:00000970       ___dyn_tls_init_callback   0041a970     <common>
 0005:00000000       __imp__GetStartupInfoW@4   0041b000     kernel32:KERNEL32.dll
 0005:00000004       __imp__SetUnhandledExceptionFilter@4 0041b004     kernel32:KERNEL32.dll
 0005:00000008       __imp__GetCurrentProcess@0 0041b008     kernel32:KERNEL32.dll
 0005:0000000c       __imp__TerminateProcess@8  0041b00c     kernel32:KERNEL32.dll
 0005:00000010       __imp__IsProcessorFeaturePresent@4 0041b010     kernel32:KERNEL32.dll
 0005:00000014       __imp__IsDebuggerPresent@0 0041b014     kernel32:KERNEL32.dll
 0005:00000018       __imp__RaiseException@16   0041b018     kernel32:KERNEL32.dll
 0005:0000001c       __imp__GetProcAddress@8    0041b01c     kernel32:KERNEL32.dll
 0005:00000020       __imp__FreeLibrary@4       0041b020     kernel32:KERNEL32.dll
 0005:00000024       __imp__VirtualQuery@12     0041b024     kernel32:KERNEL32.dll
 0005:00000028       __imp__GetProcessHeap@0    0041b028     kernel32:KERNEL32.dll
 0005:0000002c       __imp__HeapFree@12         0041b02c     kernel32:KERNEL32.dll
 0005:00000030       __imp__HeapAlloc@12        0041b030     kernel32:KERNEL32.dll
 0005:00000034       __imp__GetLastError@0      0041b034     kernel32:KERNEL32.dll
 0005:00000038       __imp__GetModuleHandleW@4  0041b038     kernel32:KERNEL32.dll
 0005:0000003c       __imp__UnhandledExceptionFilter@4 0041b03c     kernel32:KERNEL32.dll
 0005:00000040       __imp__InitializeSListHead@4 0041b040     kernel32:KERNEL32.dll
 0005:00000044       __imp__GetSystemTimeAsFileTime@4 0041b044     kernel32:KERNEL32.dll
 0005:00000048       __imp__GetCurrentThreadId@0 0041b048     kernel32:KERNEL32.dll
 0005:0000004c       __imp__GetCurrentProcessId@0 0041b04c     kernel32:KERNEL32.dll
 0005:00000050       __imp__QueryPerformanceCounter@4 0041b050     kernel32:KERNEL32.dll
 0005:00000054       __imp__WideCharToMultiByte@32 0041b054     kernel32:KERNEL32.dll
 0005:00000058       __imp__MultiByteToWideChar@24 0041b058     kernel32:KERNEL32.dll
 0005:0000005c       \177KERNEL32_NULL_THUNK_DATA 0041b05c     kernel32:KERNEL32.dll
 0005:00000098       __imp__GetDlgItemTextA@16  0041b098     user32:USER32.dll
 0005:0000009c       __imp__SetDlgItemTextA@12  0041b09c     user32:USER32.dll
 0005:000000a0       __imp__GetDlgItem@8        0041b0a0     user32:USER32.dll
 0005:000000a4       __imp__EndDialog@8         0041b0a4     user32:USER32.dll
 0005:000000a8       __imp__GetWindowTextLengthA@4 0041b0a8     user32:USER32.dll
 0005:000000ac       __imp__MessageBoxA@16      0041b0ac     user32:USER32.dll
 0005:000000b0       __imp__DialogBoxParamA@20  0041b0b0     user32:USER32.dll
 0005:000000b4       \177USER32_NULL_THUNK_DATA 0041b0b4     user32:USER32.dll
 0005:000000e4       __imp____current_exception_context 0041b0e4     vcruntimed:VCRUNTIME140D.dll
 0005:000000e8       __imp__memset              0041b0e8     vcruntimed:VCRUNTIME140D.dll
 0005:000000ec       __imp___except_handler4_common 0041b0ec     vcruntimed:VCRUNTIME140D.dll
 0005:000000f0       __imp____vcrt_GetModuleFileNameW 0041b0f0     vcruntimed:VCRUNTIME140D.dll
 0005:000000f4       __imp____vcrt_GetModuleHandleW 0041b0f4     vcruntimed:VCRUNTIME140D.dll
 0005:000000f8       __imp____vcrt_LoadLibraryExW 0041b0f8     vcruntimed:VCRUNTIME140D.dll
 0005:000000fc       __imp____current_exception 0041b0fc     vcruntimed:VCRUNTIME140D.dll
 0005:00000100       __imp____std_type_info_destroy_list 0041b100     vcruntimed:VCRUNTIME140D.dll
 0005:00000104       \177VCRUNTIME140D_NULL_THUNK_DATA 0041b104     vcruntimed:VCRUNTIME140D.dll
 0005:00000134       __imp___initialize_onexit_table 0041b134     ucrtd:ucrtbased.dll
 0005:00000138       __imp___register_onexit_function 0041b138     ucrtd:ucrtbased.dll
 0005:0000013c       __imp___execute_onexit_table 0041b13c     ucrtd:ucrtbased.dll
 0005:00000140       __imp___crt_atexit         0041b140     ucrtd:ucrtbased.dll
 0005:00000144       __imp___crt_at_quick_exit  0041b144     ucrtd:ucrtbased.dll
 0005:00000148       __imp___controlfp_s        0041b148     ucrtd:ucrtbased.dll
 0005:0000014c       __imp__terminate           0041b14c     ucrtd:ucrtbased.dll
 0005:00000150       __imp___wmakepath_s        0041b150     ucrtd:ucrtbased.dll
 0005:00000154       __imp___wsplitpath_s       0041b154     ucrtd:ucrtbased.dll
 0005:00000158       __imp__wcscpy_s            0041b158     ucrtd:ucrtbased.dll
 0005:0000015c       __imp____stdio_common_vsprintf_s 0041b15c     ucrtd:ucrtbased.dll
 0005:00000160       __imp___set_fmode          0041b160     ucrtd:ucrtbased.dll
 0005:00000164       __imp__exit                0041b164     ucrtd:ucrtbased.dll
 0005:00000168       __imp___initterm_e         0041b168     ucrtd:ucrtbased.dll
 0005:0000016c       __imp___initterm           0041b16c     ucrtd:ucrtbased.dll
 0005:00000170       __imp___get_narrow_winmain_command_line 0041b170     ucrtd:ucrtbased.dll
 0005:00000174       __imp___initialize_narrow_environment 0041b174     ucrtd:ucrtbased.dll
 0005:00000178       __imp___configure_narrow_argv 0041b178     ucrtd:ucrtbased.dll
 0005:0000017c       __imp____setusermatherr    0041b17c     ucrtd:ucrtbased.dll
 0005:00000180       __imp___set_app_type       0041b180     ucrtd:ucrtbased.dll
 0005:00000184       __imp___seh_filter_exe     0041b184     ucrtd:ucrtbased.dll
 0005:00000188       __imp___CrtDbgReportW      0041b188     ucrtd:ucrtbased.dll
 0005:0000018c       __imp___CrtDbgReport       0041b18c     ucrtd:ucrtbased.dll
 0005:00000190       __imp__strcpy              0041b190     ucrtd:ucrtbased.dll
 0005:00000194       __imp___seh_filter_dll     0041b194     ucrtd:ucrtbased.dll
 0005:00000198       __imp__strcpy_s            0041b198     ucrtd:ucrtbased.dll
 0005:0000019c       __imp____p__commode        0041b19c     ucrtd:ucrtbased.dll
 0005:000001a0       __imp___set_new_mode       0041b1a0     ucrtd:ucrtbased.dll
 0005:000001a4       __imp___configthreadlocale 0041b1a4     ucrtd:ucrtbased.dll
 0005:000001a8       __imp___register_thread_local_exe_atexit_callback 0041b1a8     ucrtd:ucrtbased.dll
 0005:000001ac       __imp___c_exit             0041b1ac     ucrtd:ucrtbased.dll
 0005:000001b0       __imp___exit               0041b1b0     ucrtd:ucrtbased.dll
 0005:000001b4       __imp___cexit              0041b1b4     ucrtd:ucrtbased.dll
 0005:000001b8       __imp__strcat_s            0041b1b8     ucrtd:ucrtbased.dll
 0005:000001bc       \177ucrtbased_NULL_THUNK_DATA 0041b1bc     ucrtd:ucrtbased.dll
 0005:00000200       __IMPORT_DESCRIPTOR_USER32 0041b200     user32:USER32.dll
 0005:00000214       __IMPORT_DESCRIPTOR_VCRUNTIME140D 0041b214     vcruntimed:VCRUNTIME140D.dll
 0005:00000228       __IMPORT_DESCRIPTOR_ucrtbased 0041b228     ucrtd:ucrtbased.dll
 0005:0000023c       __IMPORT_DESCRIPTOR_KERNEL32 0041b23c     kernel32:KERNEL32.dll
 0005:00000250       __NULL_IMPORT_DESCRIPTOR   0041b250     user32:USER32.dll
 0006:00000000       ___guard_check_icall_fptr  0041c000     MSVCRTD:guard_support.obj
 0006:00000004       ___guard_xfg_check_icall_fptr 0041c004     MSVCRTD:guard_support.obj
 0006:00000008       ___castguard_check_failure_os_handled_fptr 0041c008     MSVCRTD:guard_support.obj

 entry point at        0002:0000000a

 Static symbols

 0000:fffe2000       .debug$S                   00400000     ucrtd:ucrtbased.dll
 0000:fffe2000       .debug$S                   00400000     ucrtd:ucrtbased.dll
 0000:fffe2000       .debug$S                   00400000     ucrtd:ucrtbased.dll
 0000:fffe2000       .debug$S                   00400000     ucrtd:ucrtbased.dll
 0000:fffe2000       .debug$S                   00400000     ucrtd:ucrtbased.dll
 0000:fffe2000       .debug$S                   00400000     ucrtd:ucrtbased.dll
 0000:fffe2000       .debug$S                   00400000     ucrtd:ucrtbased.dll
 0000:fffe2000       .debug$S                   00400000     ucrtd:ucrtbased.dll
 0000:fffe2000       .debug$S                   00400000     ucrtd:ucrtbased.dll
 0000:fffe2000       .debug$S                   00400000     ucrtd:ucrtbased.dll
 0000:fffe2000       .debug$S                   00400000     ucrtd:ucrtbased.dll
 0000:fffe2000       .debug$S                   00400000     ucrtd:ucrtbased.dll
 0000:fffe2000       .debug$S                   00400000     ucrtd:ucrtbased.dll
 0000:fffe2000       .debug$S                   00400000     ucrtd:ucrtbased.dll
 0000:fffe2000       .debug$S                   00400000     ucrtd:ucrtbased.dll
 0000:fffe2000       .debug$S                   00400000     ucrtd:ucrtbased.dll
 0000:fffe2000       .debug$S                   00400000     ucrtd:ucrtbased.dll
 0000:fffe2000       .debug$S                   00400000     ucrtd:ucrtbased.dll
 0000:fffe2000       .debug$S                   00400000     ucrtd:ucrtbased.dll
 0000:fffe2000       .debug$S                   00400000     ucrtd:ucrtbased.dll
 0000:fffe2000       .debug$S                   00400000     ucrtd:ucrtbased.dll
 0000:fffe2000       .debug$S                   00400000     ucrtd:ucrtbased.dll
 0000:fffe2000       .debug$S                   00400000     ucrtd:ucrtbased.dll
 0000:fffe2000       .debug$S                   00400000     ucrtd:ucrtbased.dll
 0000:fffe2000       .debug$S                   00400000     ucrtd:ucrtbased.dll
 0000:fffe2000       .debug$S                   00400000     ucrtd:ucrtbased.dll
 0000:fffe2000       .debug$S                   00400000     ucrtd:ucrtbased.dll
 0000:fffe2000       .debug$S                   00400000     ucrtd:ucrtbased.dll
 0000:fffe2000       .debug$S                   00400000     ucrtd:ucrtbased.dll
 0000:fffe2000       .debug$S                   00400000     ucrtd:ucrtbased.dll
 0000:fffe2000       .debug$S                   00400000     ucrtd:ucrtbased.dll
 0000:fffe2000       .debug$S                   00400000     ucrtd:ucrtbased.dll
 0000:fffe2000       .debug$S                   00400000     ucrtd:ucrtbased.dll
 0000:fffe2000       .debug$S                   00400000     ucrtd:ucrtbased.dll
 0000:fffe2000       .debug$S                   00400000     kernel32:KERNEL32.dll
 0000:fffe2000       .debug$S                   00400000     kernel32:KERNEL32.dll
 0000:fffe2000       .debug$S                   00400000     kernel32:KERNEL32.dll
 0000:fffe2000       .debug$S                   00400000     kernel32:KERNEL32.dll
 0000:fffe2000       .debug$S                   00400000     kernel32:KERNEL32.dll
 0000:fffe2000       .debug$S                   00400000     kernel32:KERNEL32.dll
 0000:fffe2000       .debug$S                   00400000     kernel32:KERNEL32.dll
 0000:fffe2000       .debug$S                   00400000     kernel32:KERNEL32.dll
 0000:fffe2000       .debug$S                   00400000     kernel32:KERNEL32.dll
 0000:fffe2000       .debug$S                   00400000     kernel32:KERNEL32.dll
 0000:fffe2000       .debug$S                   00400000     kernel32:KERNEL32.dll
 0000:fffe2000       .debug$S                   00400000     kernel32:KERNEL32.dll
 0000:fffe2000       .debug$S                   00400000     kernel32:KERNEL32.dll
 0000:fffe2000       .debug$S                   00400000     kernel32:KERNEL32.dll
 0000:fffe2000       .debug$S                   00400000     kernel32:KERNEL32.dll
 0000:fffe2000       .debug$S                   00400000     kernel32:KERNEL32.dll
 0000:fffe2000       .debug$S                   00400000     kernel32:KERNEL32.dll
 0000:fffe2000       .debug$S                   00400000     kernel32:KERNEL32.dll
 0000:fffe2000       .debug$S                   00400000     kernel32:KERNEL32.dll
 0000:fffe2000       .debug$S                   00400000     kernel32:KERNEL32.dll
 0000:fffe2000       .debug$S                   00400000     kernel32:KERNEL32.dll
 0000:fffe2000       .debug$S                   00400000     kernel32:KERNEL32.dll
 0000:fffe2000       .debug$S                   00400000     kernel32:KERNEL32.dll
 0000:fffe2000       .debug$S                   00400000     user32:USER32.dll
 0000:fffe2000       .debug$S                   00400000     user32:USER32.dll
 0000:fffe2000       .debug$S                   00400000     user32:USER32.dll
 0000:fffe2000       .debug$S                   00400000     user32:USER32.dll
 0000:fffe2000       .debug$S                   00400000     user32:USER32.dll
 0000:fffe2000       .debug$S                   00400000     user32:USER32.dll
 0000:fffe2000       .debug$S                   00400000     user32:USER32.dll
 0000:fffe4000       __guard_fids___except_handler4 00400000     MSVCRTD:chandler4gs.obj
 0000:00000000       _volmd                     00400000     MSVCRTD:cpu_disp.obj
 0000:fffe4000       __guard_fids_?pre_c_initialization@@YAHXZ 00400000     MSVCRTD:exe_winmain.obj
 0000:fffe4000       __guard_fids__             00400000     MSVCRTD:exe_winmain.obj
 0000:00000000       _volmd                     00400000     MSVCRTD:gs_report.obj
 0000:fffe4000       __guard_fids__             00400000     MSVCRTD:guard_support.obj
 0000:fffe4000       __guard_fids__             00400000     MSVCRTD:guard_support.obj
 0000:fffe4000       __guard_fids___guard_icall_checks_enforced 00400000     MSVCRTD:guard_support.obj
 0000:00000000       _volmd                     00400000     MSVCRTD:guard_support.obj
 0000:00000000       _volmd                     00400000     MSVCRTD:guard_support.obj
 0000:00000000       _volmd                     00400000     MSVCRTD:guard_support.obj
 0000:fffe4000       __guard_fids___CRT_RTC_INIT 00400000     MSVCRTD:init.obj
 0000:fffe4000       __guard_fids___CRT_RTC_INITW 00400000     MSVCRTD:init.obj
 0000:fffe4000       __guard_fids____scrt_set_unhandled_exception_filter 00400000     MSVCRTD:utility_desktop.obj
 0000:fffe2000       .debug$S                   00400000     vcruntimed:VCRUNTIME140D.dll
 0000:fffe2000       .debug$S                   00400000     vcruntimed:VCRUNTIME140D.dll
 0000:fffe2000       .debug$S                   00400000     vcruntimed:VCRUNTIME140D.dll
 0000:fffe2000       .debug$S                   00400000     vcruntimed:VCRUNTIME140D.dll
 0000:fffe2000       .debug$S                   00400000     vcruntimed:VCRUNTIME140D.dll
 0000:fffe2000       .debug$S                   00400000     vcruntimed:VCRUNTIME140D.dll
 0000:fffe2000       .debug$S                   00400000     vcruntimed:VCRUNTIME140D.dll
 0000:fffe2000       .debug$S                   00400000     vcruntimed:VCRUNTIME140D.dll
 0000:fffe4004       __guard_fids__             00400004     MSVCRTD:exe_winmain.obj
 0000:fffe4008       __guard_fids__             00400008     MSVCRTD:exe_winmain.obj
 0002:00000b30       $$000000                   00411b30     example.obj
 0002:00000da0       $$000000                   00411da0     io.obj
 0002:00001660       ?pre_c_initialization@@YAHXZ 00412660 f   MSVCRTD:exe_winmain.obj
 0002:00001740       ?post_pgo_initialization@@YAHXZ 00412740 f   MSVCRTD:exe_winmain.obj
 0002:00001750       ?pre_cpp_initialization@@YAXXZ 00412750 f   MSVCRTD:exe_winmain.obj
 0002:00001770       ?__scrt_common_main@@YAHXZ 00412770 f   MSVCRTD:exe_winmain.obj
 0002:00001790       ?__scrt_common_main_seh@@YAHXZ 00412790 f   MSVCRTD:exe_winmain.obj
 0002:00001a60       ?invoke_main@@YAHXZ        00412a60 f   MSVCRTD:exe_winmain.obj
 0002:00001b10       ?DebuggerProbe@@YA_NK@Z    00412b10 f   MSVCRTD:error.obj
 0002:00001b60       ?DebuggerRuntime@@YA_NKHPAXPB_W@Z 00412b60 f   MSVCRTD:error.obj
 0002:00001e30       ?_getMemBlockDataString@@YAXPAD0PBDI@Z 00412e30 f   MSVCRTD:error.obj
 0002:00001ec0       ?_strlen_priv@@YAIPBD@Z    00412ec0 f   MSVCRTD:error.obj
 0002:00001ee0       ?failwithmessage@@YAXPAXHHPBD@Z 00412ee0 f   MSVCRTD:error.obj
 0002:00002160       ?notify_debugger@@YAXABUtagEXCEPTION_VISUALCPP_DEBUG_INFO@@@Z 00413160 f   MSVCRTD:error.obj
 0002:00002440       ?find_pe_section@@YAPAU_IMAGE_SECTION_HEADER@@QAEI@Z 00413440 f   MSVCRTD:utility.obj
 0002:000024f0       ?is_potentially_valid_image_base@@YA_NQAX@Z 004134f0 f   MSVCRTD:utility.obj
 0002:00002c00       ___get_entropy             00413c00 f   MSVCRTD:gs_support.obj
 0002:00003440       ___castguard_check_failure_os_handled_wrapper 00414440 f   MSVCRTD:guard_support.obj
 0002:000034a0       ___castguard_check_failure_user_handled_wrapper 004144a0 f   MSVCRTD:guard_support.obj
 0002:000034e0       ___castguard_compat_check  004144e0 f   MSVCRTD:guard_support.obj
 0002:000036a0       ___castguard_slow_path_compat_check 004146a0 f   MSVCRTD:guard_support.obj
 0002:00003730       ?GetPdbDll@@YAPAUHINSTANCE__@@XZ 00414730 f   MSVCRTD:pdblkup.obj
 0002:000038d0       ?GetPdbDllFromInstallPath@@YAPAUHINSTANCE__@@XZ 004148d0 f   MSVCRTD:pdblkup.obj
 0002:00003bc0       ?GetPdbDllPathFromFilePath@@YAHPB_WPA_WI@Z 00414bc0 f   MSVCRTD:pdblkup.obj
 0003:00000104       ?pre_cpp_initializer@@3P6AXXZA 00417104     MSVCRTD:exe_winmain.obj
 0003:00000410       ?pre_c_initializer@@3P6AHXZA 00417410     MSVCRTD:exe_winmain.obj
 0003:00000514       ?post_pgo_initializer@@3P6AHXZA 00417514     MSVCRTD:exe_winmain.obj
 0003:00000b54       _GS_ExceptionPointers      00417b54     MSVCRTD:gs_report.obj
 0003:00000b60       ?_RTC_ErrorMessages@@3QBQBDB 00417b60     MSVCRTD:error.obj
 0003:00000b78       ?_RTC_NoFalsePositives@@3QBHB 00417b78     MSVCRTD:error.obj
 0003:00000b90       ?stack_premsg@@3QBDB       00417b90     MSVCRTD:error.obj
 0003:00000bac       ?stack_postmsg@@3QBDB      00417bac     MSVCRTD:error.obj
 0003:00000bc0       ?uninit_premsg@@3QBDB      00417bc0     MSVCRTD:error.obj
 0003:00000bd0       ?uninit_postmsg@@3QBDB     00417bd0     MSVCRTD:error.obj
 0003:00001220       ?_RTC_errlist@@3QBQBDB     00418220     MSVCRTD:userapi.obj
 0003:00001304       ?mspdbName@@3QB_WB         00418304     MSVCRTD:pdblkup.obj
 0003:00001328       ?debugCrtFileName@@3QB_WB  00418328     MSVCRTD:pdblkup.obj
 0003:000014b8       ?dllExt@?1??GetPdbDllPathFromFilePath@@YAHPB_WPA_WI@Z@4QB_WB 004184b8     MSVCRTD:pdblkup.obj
 0003:000014c4       ?mspdbFilename@?1??GetPdbDllPathFromFilePath@@YAHPB_WPA_WI@Z@4QB_WB 004184c4     MSVCRTD:pdblkup.obj
 0003:00001cfc       __RTC_InitBase.rtc$IMZ     00418cfc     framework.obj
 0003:00002008       __RTC_Shutdown.rtc$TMZ     00419008     framework.obj
 0003:00002210       __sehtable$?__scrt_common_main_seh@@YAHXZ 00419210     MSVCRTD:exe_winmain.obj
 0003:00002230       __sehtable$?notify_debugger@@YAXABUtagEXCEPTION_VISUALCPP_DEBUG_INFO@@@Z 00419230     MSVCRTD:error.obj
 0003:00002250       __sehtable$___scrt_is_nonwritable_in_current_image 00419250     MSVCRTD:utility.obj
 0004:00000000       score1                     0041a000     example.obj
 0004:00000004       score2                     0041a004     example.obj
 0004:00000008       score3                     0041a008     example.obj
 0004:0000000c       score4                     0041a00c     example.obj
 0004:00000010       promptScore1               0041a010     example.obj
 0004:00000022       promptScore2               0041a022     example.obj
 0004:00000035       promptScore3               0041a035     example.obj
 0004:00000047       promptScore4               0041a047     example.obj
 0004:0000005a       promptWeight1              0041a05a     example.obj
 0004:00000077       promptWeight2              0041a077     example.obj
 0004:00000095       promptWeight3              0041a095     example.obj
 0004:000000b2       promptWeight4              0041a0b2     example.obj
 0004:000000d0       string                     0041a0d0     example.obj
 0004:000000f8       resultLbl                  0041a0f8     example.obj
 0004:00000100       resultWSum                 0041a100     example.obj
 0004:00000115       weightedSum                0041a115     example.obj
 0004:00000121       resultASum                 0041a121     example.obj
 0004:00000131       average                    0041a131     example.obj
 0004:000002b0       _buf                       0041a2b0     framework.obj
 0004:000003b0       _inputLabel                0041a3b0     framework.obj
 0004:00000518       _GS_ExceptionRecord        0041a518     MSVCRTD:gs_report.obj
 0004:00000568       _GS_ContextRecord          0041a568     MSVCRTD:gs_report.obj
 0004:000008d3       ?init@?1??_RTC_InitBase@@9@4_NA 0041a8d3     MSVCRTD:init.obj
 0004:000008e4       ?_RTC_ErrorReportFunc@@3P6AHHPBDH00ZZA 0041a8e4     MSVCRTD:userapi.obj
 0004:000008e8       ?_RTC_ErrorReportFuncW@@3P6AHHPB_WH00ZZA 0041a8e8     MSVCRTD:userapi.obj
 0004:000008f8       ?is_initialized_as_dll@@3_NA 0041a8f8     MSVCRTD:utility.obj
 0004:000008f9       ?module_local_atexit_table_initialized@@3_NA 0041a8f9     MSVCRTD:utility.obj
 0004:000008fc       ?module_local_atexit_table@@3U_onexit_table_t@@A 0041a8fc     MSVCRTD:utility.obj
 0004:00000908       ?module_local_at_quick_exit_table@@3U_onexit_table_t@@A 0041a908     MSVCRTD:utility.obj
 0004:00000944       ?mspdb@@3PAUHINSTANCE__@@A 0041a944     MSVCRTD:pdblkup.obj
 0004:00000948       ?alreadyTried@?1??GetPdbDll@@YAPAUHINSTANCE__@@XZ@4_NA 0041a948     MSVCRTD:pdblkup.obj
 0004:00000949       ?PDBOK@?1??_RTC_GetSrcLine@@YAHPAEPA_WKPAH1K@Z@4_NA 0041a949     MSVCRTD:pdblkup.obj
 0005:000004da       .idata$6                   0041b4da     user32:USER32.dll
 0005:000005ac       .idata$6                   0041b5ac     vcruntimed:VCRUNTIME140D.dll
 0005:00000832       .idata$6                   0041b832     ucrtd:ucrtbased.dll
 0005:00000a16       .idata$6                   0041ba16     kernel32:KERNEL32.dll
 0007:000001c0       $R000000                   0041d1c0     framework.res
 0007:00000268       $R0000A8                   0041d268     framework.res
